// Jest Snapshot v1, https://goo.gl/fbAQLP

exports[`array validations basic 1`] = `
Array [
  Object {
    "path": "",
    "validationExpression": Array [
      "$if",
      Array [
        "$in",
        Array [
          null,
          undefined,
        ],
      ],
      null,
      Array [
        "$if",
        Array [
          "$isSchemaType",
          "array",
        ],
        Array [
          "$pipe",
          Array [
            Array [
              "$arrayMap",
              Array [
                "$if",
                Array [
                  "$evaluate",
                  Array [
                    "$value",
                    "0",
                  ],
                  Array [
                    "$value",
                    "$$PARENT_SCOPE",
                  ],
                ],
                null,
                Array [
                  "$value",
                  "1",
                ],
              ],
              Array [],
            ],
            Array [
              "$arrayFilter",
              Array [
                "$notEq",
                null,
              ],
            ],
          ],
        ],
        Object {
          "code": "TYPE_ERROR",
          "message": "Must be type \`array\`",
        },
      ],
    ],
  },
  Object {
    "path": "0",
    "validationExpression": Array [
      "$if",
      Array [
        "$in",
        Array [
          null,
          undefined,
        ],
      ],
      Object {
        "code": "REQUIRED_ERROR",
        "message": "This value is required",
      },
      Array [
        "$if",
        Array [
          "$isSchemaType",
          "string",
        ],
        Array [
          "$pipe",
          Array [
            Array [
              "$arrayMap",
              Array [
                "$if",
                Array [
                  "$evaluate",
                  Array [
                    "$value",
                    "0",
                  ],
                  Array [
                    "$value",
                    "$$PARENT_SCOPE",
                  ],
                ],
                null,
                Array [
                  "$value",
                  "1",
                ],
              ],
              Array [
                Array [
                  Array [
                    "$gte",
                    5,
                    Array [
                      "$stringLength",
                    ],
                  ],
                  Object {
                    "code": "MIN_LENGTH_ERROR",
                  },
                ],
                Array [
                  Array [
                    "$lte",
                    10,
                    Array [
                      "$stringLength",
                    ],
                  ],
                  Object {
                    "code": "MAX_LENGTH_ERROR",
                  },
                ],
              ],
            ],
            Array [
              "$arrayFilter",
              Array [
                "$notEq",
                null,
              ],
            ],
          ],
        ],
        Object {
          "code": "TYPE_ERROR",
          "message": "Invalid type",
        },
      ],
    ],
  },
  Object {
    "path": "1",
    "validationExpression": Array [
      "$if",
      Array [
        "$in",
        Array [
          null,
          undefined,
        ],
      ],
      Object {
        "code": "REQUIRED_ERROR",
        "message": "This value is required",
      },
      Array [
        "$if",
        Array [
          "$isSchemaType",
          "string",
        ],
        Array [
          "$pipe",
          Array [
            Array [
              "$arrayMap",
              Array [
                "$if",
                Array [
                  "$evaluate",
                  Array [
                    "$value",
                    "0",
                  ],
                  Array [
                    "$value",
                    "$$PARENT_SCOPE",
                  ],
                ],
                null,
                Array [
                  "$value",
                  "1",
                ],
              ],
              Array [
                Array [
                  Array [
                    "$gte",
                    5,
                    Array [
                      "$stringLength",
                    ],
                  ],
                  Object {
                    "code": "MIN_LENGTH_ERROR",
                  },
                ],
                Array [
                  Array [
                    "$lte",
                    10,
                    Array [
                      "$stringLength",
                    ],
                  ],
                  Object {
                    "code": "MAX_LENGTH_ERROR",
                  },
                ],
              ],
            ],
            Array [
              "$arrayFilter",
              Array [
                "$notEq",
                null,
              ],
            ],
          ],
        ],
        Object {
          "code": "TYPE_ERROR",
          "message": "Invalid type",
        },
      ],
    ],
  },
  Object {
    "path": "2",
    "validationExpression": Array [
      "$if",
      Array [
        "$in",
        Array [
          null,
          undefined,
        ],
      ],
      Object {
        "code": "REQUIRED_ERROR",
        "message": "This value is required",
      },
      Array [
        "$if",
        Array [
          "$isSchemaType",
          "string",
        ],
        Array [
          "$pipe",
          Array [
            Array [
              "$arrayMap",
              Array [
                "$if",
                Array [
                  "$evaluate",
                  Array [
                    "$value",
                    "0",
                  ],
                  Array [
                    "$value",
                    "$$PARENT_SCOPE",
                  ],
                ],
                null,
                Array [
                  "$value",
                  "1",
                ],
              ],
              Array [
                Array [
                  Array [
                    "$gte",
                    5,
                    Array [
                      "$stringLength",
                    ],
                  ],
                  Object {
                    "code": "MIN_LENGTH_ERROR",
                  },
                ],
                Array [
                  Array [
                    "$lte",
                    10,
                    Array [
                      "$stringLength",
                    ],
                  ],
                  Object {
                    "code": "MAX_LENGTH_ERROR",
                  },
                ],
              ],
            ],
            Array [
              "$arrayFilter",
              Array [
                "$notEq",
                null,
              ],
            ],
          ],
        ],
        Object {
          "code": "TYPE_ERROR",
          "message": "Invalid type",
        },
      ],
    ],
  },
  Object {
    "path": "3",
    "validationExpression": Array [
      "$if",
      Array [
        "$in",
        Array [
          null,
          undefined,
        ],
      ],
      Object {
        "code": "REQUIRED_ERROR",
        "message": "This value is required",
      },
      Array [
        "$if",
        Array [
          "$isSchemaType",
          "string",
        ],
        Array [
          "$pipe",
          Array [
            Array [
              "$arrayMap",
              Array [
                "$if",
                Array [
                  "$evaluate",
                  Array [
                    "$value",
                    "0",
                  ],
                  Array [
                    "$value",
                    "$$PARENT_SCOPE",
                  ],
                ],
                null,
                Array [
                  "$value",
                  "1",
                ],
              ],
              Array [
                Array [
                  Array [
                    "$gte",
                    5,
                    Array [
                      "$stringLength",
                    ],
                  ],
                  Object {
                    "code": "MIN_LENGTH_ERROR",
                  },
                ],
                Array [
                  Array [
                    "$lte",
                    10,
                    Array [
                      "$stringLength",
                    ],
                  ],
                  Object {
                    "code": "MAX_LENGTH_ERROR",
                  },
                ],
              ],
            ],
            Array [
              "$arrayFilter",
              Array [
                "$notEq",
                null,
              ],
            ],
          ],
        ],
        Object {
          "code": "TYPE_ERROR",
          "message": "Invalid type",
        },
      ],
    ],
  },
]
`;
