// Jest Snapshot v1, https://goo.gl/fbAQLP

exports[`list validations basic 1`] = `
Array [
  Object {
    "path": "",
    "validation": Array [
      "$if",
      Array [
        "$in",
        Array [
          null,
          undefined,
        ],
      ],
      null,
      Array [
        "$if",
        Array [
          "$notEq",
          "list",
          Array [
            "$schemaType",
          ],
        ],
        Object {
          "code": "TYPE_ERROR",
          "message": "Must be type \`list\`",
        },
        null,
      ],
    ],
  },
]
`;
